e1_gate U=300000 done -> file count: 1
e2_ordering U=300000 done -> file count: 2
e3_matched U=300000 done -> file count: 3
e4_erasure U=300000 done -> file count: 4
e5_severity U=300000 done -> file count: 5
e6_floor U=300000 done -> file count: 6
e7a_identity U=300000 done -> file count: 7
e7b_cycles U=300000 done -> file count: 8
run0: xmin=13 alpha=2.05 ntail=506 KS=0.082 gof-p=0.95 | vsEXP R=+653.8 p=0.000 | vsLN R=+168.1 p=0.000 => POWER-LAW
run1: xmin=12 alpha=2.03 ntail=579 KS=0.085 gof-p=0.99 | vsEXP R=+736.0 p=0.000 | vsLN R=+171.5 p=0.000 => POWER-LAW
run2: xmin=201 alpha=2.34 ntail=59 KS=0.056 gof-p=0.90 | vsEXP R=+44.6 p=0.008 | vsLN R=+17.7 p=0.022 => POWER-LAW
run3: xmin=189 alpha=2.22 ntail=56 KS=0.083 gof-p=0.55 | vsEXP R=+45.3 p=0.007 | vsLN R=+14.9 p=0.053 => POWER-LAW
run4: xmin=204 alpha=2.25 ntail=52 KS=0.074 gof-p=0.70 | vsEXP R=+41.6 p=0.006 | vsLN R=+14.6 p=0.038 => POWER-LAW
run5: xmin=203 alpha=2.29 ntail=53 KS=0.085 gof-p=0.47 | vsEXP R=+45.2 p=0.004 | vsLN R=+15.5 p=0.036 => POWER-LAW
run6: xmin=203 alpha=2.35 ntail=57 KS=0.066 gof-p=0.75 | vsEXP R=+47.3 p=0.005 | vsLN R=+18.1 p=0.016 => POWER-LAW
run7: xmin=175 alpha=2.26 ntail=62 KS=0.086 gof-p=0.42 | vsEXP R=+45.1 p=0.012 | vsLN R=+16.2 p=0.048 => POWER-LAW
run8: xmin=214 alpha=2.32 ntail=51 KS=0.085 gof-p=0.54 | vsEXP R=+47.1 p=0.002 | vsLN R=+17.0 p=0.012 => POWER-LAW
run9: xmin=228 alpha=2.34 ntail=50 KS=0.092 gof-p=0.39 | vsEXP R=+40.0 p=0.006 | vsLN R=+15.4 p=0.025 => POWER-LAW
e8_fire U=300000 done -> file count: 10
e7c_living U=300000 done -> file count: 11
e9_timing U=300000 done -> file count: 13
